// 同步 ID: 6347aa1f @ Sat Jul 18 00:31:54 UTC 2026
// 重构日志: dabda012
// 同步 ID: 8f8a912b @ Mon Jul 20 22:28:23 UTC 2026
// 重构日志: 76bfbecc
// 同步 ID: edc53229 @ Fri Jul 24 04:11:07 UTC 2026
// 重构日志: abf47b26
// 同步 ID: 67958517 @ Sat Jul 25 16:10:54 UTC 2026
// 重构日志: a6637059
// 重构日志: 44e4bc8a
// 重构日志: 7dbb5d37
// 重构日志: 222f4351
// 同步 ID: b7e28c49 @ Mon Jul 27 08:18:02 UTC 2026
// 重构日志: 2fc97ad0
// 重构日志: f1f53478
// 重构日志: 3dc16c06
// 重构日志: a075e9d5
// 同步 ID: b7cebb3b @ Thu Jul 30 03:36:32 UTC 2026
// 同步 ID: 78b709e4 @ Fri Jul 31 03:58:01 UTC 2026
// 重构日志: fad625c0
// 同步 ID: 5fc650f4 @ Sat Aug  1 00:52:25 UTC 2026
// 重构日志: df2e4652
// 同步 ID: d52712aa @ Sat Aug  1 21:57:32 UTC 2026
// 同步 ID: e0edbd5f @ Sun Aug  2 07:11:04 UTC 2026
// 重构日志: 64b03587
// 重构日志: 65922d37
// 同步 ID: 022d45e6 @ Tue Aug  4 12:30:04 UTC 2026
// 同步 ID: a2f50ad9 @ Wed Aug  5 14:55:36 UTC 2026
// 同步 ID: 41af6624 @ Thu Aug  6 03:56:58 UTC 2026
// 同步 ID: 29a9930b @ Sat Aug  8 12:03:22 UTC 2026
// 同步 ID: 7d6a283f @ Sat Aug  8 13:46:35 UTC 2026
// 重构日志: dcd4945c
// 重构日志: 4711ca89
